[proot]~$ make -j4 LDFLAGS="-static -Wl,-Bstatic -ltalloc -Wl,-Bdynamic"
  GEN   build.h
  CC    cli/cli.o
  CC    cli/proot.o
  CC    execve/aoxp.o
  CC    path/path.o
  CC    syscall/seccomp.o
  CC    tracee/mem.o
  CC    extension/extension.o
  GEN   loader/loader-wrapped.o
  LD    proot
rm .check_seccomp_filter.o .check_process_vm.o loader.elf .check_seccomp_filter .check_process_vm
[proot]~$ git branch -a                                    * superuser
  remotes/origin/HEAD -> origin/superuser
  remotes/origin/superuser
[proot]~$ git pull origin superuser                        From https://github.com/SahrulGunawan-ID/proot
 * branch            superuser  -> FETCH_HEAD
Already up to date.
[proot]~$ ldd proot
[proot]~$ file proot
proot: ELF 64-bit LSB executable, ARM aarch64, version 1 (SYSV), statically linked, for Android 24, built by NDK r27c (12479018), with debug_info, not stripped
[proot]~$ ./proot
Usage:
  proot [option] ... [command]

Regular options:
  -r *path*     Use *path* as the new guest root file-system, default is /.
  -b *path*     Make the content of *path* accessible in the guest rootfs.
  -q *command*  Execute guest programs through QEMU as specified by *command*.
  --mixed-mode *value*  Disable the mixed-execution feature.
  -w *path*     Set the initial working directory to *path*.
  --kill-on-exit                Kill all processes on command exit.
  -v *value*    Set the level of debug information to *value*.
  -V            Print version, copyright, license and contact, then exit.
  -h            Print the version and the command-line usage, then exit.

Extension options:
  -k *string*   Make current kernel appear as kernel release *string*.
  -0            Make current user appear as "root" and fake its privileges.
  -i *string*   Make current user and group appear as *string* "uid:gid".
  -p *string*   Map ports to others with the syntax as *string* "port_in:port_out".
  -n            Enable the network cooperation mode.
  -l            Enable the link2symlink extension.

Alias options:
  -R *path*     Alias: -r *path* + a couple of recommended -b.
  -S *path*     Alias: -0 -r *path* + a couple of recommended -b.
fatal error: see `proot --help`.
[proot]~$